glbl.v
pci_wrapper.v
top.v
user_interface.v
/p/hw/ssce2/usb-mcu/ledblink/rtl/fifo_control.v
/p/hw/ssce2/usb-mcu/ledblink/rtl/ledblink.v
/p/hw/ssce2/usb-mcu/ledblink/rtl/LogicAnayzler.v
/p/hw/ssce2/usb-mcu/ledblink/rtl/SR16_16.v
/p/hw/ssce2/usb-mcu/ledblink/rtl/SR16_32.v
/p/hw/ssce2/usb-mcu/ledblink/rtl/SR16.v
/p/hw/ssce2/usb-mcu/ledblink/rtl/synchronizer_flop.v
/p/hw/ssce2/usb-mcu/ledblink/rtl/tpram.v
/p/hw/opci/rtl/verilog/bus_commands.v
/p/hw/opci/rtl/verilog/pci_async_reset_flop.v
/p/hw/opci/rtl/verilog/pci_bridge32.v
/p/hw/opci/rtl/verilog/pci_cbe_en_crit.v
/p/hw/opci/rtl/verilog/pci_conf_cyc_addr_dec.v
/p/hw/opci/rtl/verilog/pci_conf_space.v
/p/hw/opci/rtl/verilog/pci_constants.v
/p/hw/opci/rtl/verilog/pci_cur_out_reg.v
/p/hw/opci/rtl/verilog/pci_delayed_sync.v
/p/hw/opci/rtl/verilog/pci_delayed_write_reg.v
/p/hw/opci/rtl/verilog/pci_frame_crit.v
/p/hw/opci/rtl/verilog/pci_frame_en_crit.v
/p/hw/opci/rtl/verilog/pci_frame_load_crit.v
/p/hw/opci/rtl/verilog/pci_in_reg.v
/p/hw/opci/rtl/verilog/pci_io_mux_ad_en_crit.v
/p/hw/opci/rtl/verilog/pci_io_mux_ad_load_crit.v
/p/hw/opci/rtl/verilog/pci_io_mux.v
/p/hw/opci/rtl/verilog/pci_irdy_out_crit.v
/p/hw/opci/rtl/verilog/pci_mas_ad_en_crit.v
/p/hw/opci/rtl/verilog/pci_mas_ad_load_crit.v
/p/hw/opci/rtl/verilog/pci_mas_ch_state_crit.v
/p/hw/opci/rtl/verilog/pci_master32_sm_if.v
/p/hw/opci/rtl/verilog/pci_master32_sm.v
/p/hw/opci/rtl/verilog/pci_out_reg.v
/p/hw/opci/rtl/verilog/pci_par_crit.v
/p/hw/opci/rtl/verilog/pci_parity_check.v
/p/hw/opci/rtl/verilog/pci_pci_decoder.v
/p/hw/opci/rtl/verilog/pci_pcir_fifo_control.v
/p/hw/opci/rtl/verilog/pci_pci_tpram.v
/p/hw/opci/rtl/verilog/pci_pciw_fifo_control.v
/p/hw/opci/rtl/verilog/pci_pciw_pcir_fifos.v
/p/hw/opci/rtl/verilog/pci_perr_crit.v
/p/hw/opci/rtl/verilog/pci_perr_en_crit.v
/p/hw/opci/rtl/verilog/pci_ram_16x40d.v
/p/hw/opci/rtl/verilog/pci_rst_int.v
/p/hw/opci/rtl/verilog/pci_serr_crit.v
/p/hw/opci/rtl/verilog/pci_serr_en_crit.v
/p/hw/opci/rtl/verilog/pci_spoci_ctrl.v
/p/hw/opci/rtl/verilog/pci_synchronizer_flop.v
/p/hw/opci/rtl/verilog/pci_sync_module.v
/p/hw/opci/rtl/verilog/pci_target32_clk_en.v
/p/hw/opci/rtl/verilog/pci_target32_devs_crit.v
/p/hw/opci/rtl/verilog/pci_target32_interface.v
/p/hw/opci/rtl/verilog/pci_target32_sm.v
/p/hw/opci/rtl/verilog/pci_target32_stop_crit.v
/p/hw/opci/rtl/verilog/pci_target32_trdy_crit.v
/p/hw/opci/rtl/verilog/pci_target_unit.v
/p/hw/opci/rtl/verilog/pci_user_constants.v
/p/hw/opci/rtl/verilog/pci_wb_addr_mux.v
/p/hw/opci/rtl/verilog/pci_wb_decoder.v
/p/hw/opci/rtl/verilog/pci_wb_master.v
/p/hw/opci/rtl/verilog/pci_wbr_fifo_control.v
/p/hw/opci/rtl/verilog/pci_wb_slave_unit.v
/p/hw/opci/rtl/verilog/pci_wb_slave.v
/p/hw/opci/rtl/verilog/pci_wbs_wbb3_2_wbb2.v
/p/hw/opci/rtl/verilog/pci_wb_tpram.v
/p/hw/opci/rtl/verilog/pci_wbw_fifo_control.v
/p/hw/opci/rtl/verilog/pci_wbw_wbr_fifos.v
/p/hw/opci/rtl/verilog/timescale.v
